 Container pilot107-cpu-rc-accept-f20ed9d58cc1-1784549696-935149-pilot107-worker-1 Stopping 
 Container pilot107-cpu-rc-accept-f20ed9d58cc1-1784549696-935149-pilot107-reverse-proxy-1 Stopping 
 Container pilot107-cpu-rc-accept-f20ed9d58cc1-1784549696-935149-pilot107-worker-1 Stopped 
 Container pilot107-cpu-rc-accept-f20ed9d58cc1-1784549696-935149-pilot107-worker-1 Removing 
 Container pilot107-cpu-rc-accept-f20ed9d58cc1-1784549696-935149-pilot107-worker-1 Removed 
 Container pilot107-cpu-rc-accept-f20ed9d58cc1-1784549696-935149-pilot107-reverse-proxy-1 Stopped 
 Container pilot107-cpu-rc-accept-f20ed9d58cc1-1784549696-935149-pilot107-reverse-proxy-1 Removing 
 Container pilot107-cpu-rc-accept-f20ed9d58cc1-1784549696-935149-pilot107-reverse-proxy-1 Removed 
 Container pilot107-cpu-rc-accept-f20ed9d58cc1-1784549696-935149-pilot107-web-1 Stopping 
 Container pilot107-cpu-rc-accept-f20ed9d58cc1-1784549696-935149-pilot107-web-1 Stopped 
 Container pilot107-cpu-rc-accept-f20ed9d58cc1-1784549696-935149-pilot107-web-1 Removing 
 Container pilot107-cpu-rc-accept-f20ed9d58cc1-1784549696-935149-pilot107-web-1 Removed 
 Container pilot107-cpu-rc-accept-f20ed9d58cc1-1784549696-935149-pilot107-api-1 Stopping 
 Container pilot107-cpu-rc-accept-f20ed9d58cc1-1784549696-935149-pilot107-api-1 Stopped 
 Container pilot107-cpu-rc-accept-f20ed9d58cc1-1784549696-935149-pilot107-api-1 Removing 
 Container pilot107-cpu-rc-accept-f20ed9d58cc1-1784549696-935149-pilot107-api-1 Removed 
 Container pilot107-cpu-rc-accept-f20ed9d58cc1-1784549696-935149-slurmrestd-1 Stopping 
 Container pilot107-cpu-rc-accept-f20ed9d58cc1-1784549696-935149-pilot107-command-gateway-1 Stopping 
 Container pilot107-cpu-rc-accept-f20ed9d58cc1-1784549696-935149-slurmrestd-1 Stopped 
 Container pilot107-cpu-rc-accept-f20ed9d58cc1-1784549696-935149-slurmrestd-1 Removing 
 Container pilot107-cpu-rc-accept-f20ed9d58cc1-1784549696-935149-pilot107-command-gateway-1 Stopped 
 Container pilot107-cpu-rc-accept-f20ed9d58cc1-1784549696-935149-pilot107-command-gateway-1 Removing 
 Container pilot107-cpu-rc-accept-f20ed9d58cc1-1784549696-935149-slurmrestd-1 Removed 
 Container pilot107-cpu-rc-accept-f20ed9d58cc1-1784549696-935149-pilot107-command-gateway-1 Removed 
 Container pilot107-cpu-rc-accept-f20ed9d58cc1-1784549696-935149-worker-1-1 Stopping 
 Container pilot107-cpu-rc-accept-f20ed9d58cc1-1784549696-935149-worker-1-1 Stopped 
 Container pilot107-cpu-rc-accept-f20ed9d58cc1-1784549696-935149-worker-1-1 Removing 
 Container pilot107-cpu-rc-accept-f20ed9d58cc1-1784549696-935149-worker-1-1 Removed 
 Container pilot107-cpu-rc-accept-f20ed9d58cc1-1784549696-935149-slurmctld-1 Stopping 
 Container pilot107-cpu-rc-accept-f20ed9d58cc1-1784549696-935149-slurmctld-1 Stopped 
 Container pilot107-cpu-rc-accept-f20ed9d58cc1-1784549696-935149-slurmctld-1 Removing 
 Container pilot107-cpu-rc-accept-f20ed9d58cc1-1784549696-935149-slurmctld-1 Removed 
 Container pilot107-cpu-rc-accept-f20ed9d58cc1-1784549696-935149-slurmdbd-1 Stopping 
 Container pilot107-cpu-rc-accept-f20ed9d58cc1-1784549696-935149-slurmdbd-1 Stopped 
 Container pilot107-cpu-rc-accept-f20ed9d58cc1-1784549696-935149-slurmdbd-1 Removing 
 Container pilot107-cpu-rc-accept-f20ed9d58cc1-1784549696-935149-slurmdbd-1 Removed 
 Container pilot107-cpu-rc-accept-f20ed9d58cc1-1784549696-935149-mariadb-1 Stopping 
 Container pilot107-cpu-rc-accept-f20ed9d58cc1-1784549696-935149-mariadb-1 Stopped 
 Container pilot107-cpu-rc-accept-f20ed9d58cc1-1784549696-935149-mariadb-1 Removing 
 Container pilot107-cpu-rc-accept-f20ed9d58cc1-1784549696-935149-mariadb-1 Removed 
 Network pilot107-cpu-rc-accept-f20ed9d58cc1-1784549696-935149_sim Removing 
 Network pilot107-cpu-rc-accept-f20ed9d58cc1-1784549696-935149_sim Removed 
Local proxy HMAC secret is ready at /tmp/tmp.2n1oT7bRmI/107pilot-cpu-rc-f20ed9d58cc1-20260720T121230Z/simulator/compose/secrets/proxy-hmac.local
 Network pilot107-cpu-rc-accept-f20ed9d58cc1-1784549696-935149_sim Creating 
 Network pilot107-cpu-rc-accept-f20ed9d58cc1-1784549696-935149_sim Created 
 Container pilot107-cpu-rc-accept-f20ed9d58cc1-1784549696-935149-mariadb-1 Creating 
 Container pilot107-cpu-rc-accept-f20ed9d58cc1-1784549696-935149-mariadb-1 Created 
 Container pilot107-cpu-rc-accept-f20ed9d58cc1-1784549696-935149-slurmdbd-1 Creating 
 Container pilot107-cpu-rc-accept-f20ed9d58cc1-1784549696-935149-slurmdbd-1 Created 
 Container pilot107-cpu-rc-accept-f20ed9d58cc1-1784549696-935149-slurmctld-1 Creating 
 Container pilot107-cpu-rc-accept-f20ed9d58cc1-1784549696-935149-slurmctld-1 Created 
 Container pilot107-cpu-rc-accept-f20ed9d58cc1-1784549696-935149-worker-1-1 Creating 
 Container pilot107-cpu-rc-accept-f20ed9d58cc1-1784549696-935149-worker-1-1 Created 
 Container pilot107-cpu-rc-accept-f20ed9d58cc1-1784549696-935149-mariadb-1 Starting 
 Container pilot107-cpu-rc-accept-f20ed9d58cc1-1784549696-935149-mariadb-1 Started 
 Container pilot107-cpu-rc-accept-f20ed9d58cc1-1784549696-935149-mariadb-1 Waiting 
 Container pilot107-cpu-rc-accept-f20ed9d58cc1-1784549696-935149-mariadb-1 Healthy 
 Container pilot107-cpu-rc-accept-f20ed9d58cc1-1784549696-935149-slurmdbd-1 Starting 
 Container pilot107-cpu-rc-accept-f20ed9d58cc1-1784549696-935149-slurmdbd-1 Started 
 Container pilot107-cpu-rc-accept-f20ed9d58cc1-1784549696-935149-slurmctld-1 Starting 
 Container pilot107-cpu-rc-accept-f20ed9d58cc1-1784549696-935149-slurmctld-1 Started 
 Container pilot107-cpu-rc-accept-f20ed9d58cc1-1784549696-935149-worker-1-1 Starting 
 Container pilot107-cpu-rc-accept-f20ed9d58cc1-1784549696-935149-worker-1-1 Started 
CPU RC Slurm profile initialized: alice|competition|qos_cpu_rc|qos_cpu_rc
 Container pilot107-cpu-rc-accept-f20ed9d58cc1-1784549696-935149-mariadb-1 Running 
 Container pilot107-cpu-rc-accept-f20ed9d58cc1-1784549696-935149-slurmdbd-1 Running 
 Container pilot107-cpu-rc-accept-f20ed9d58cc1-1784549696-935149-slurmctld-1 Running 
 Container pilot107-cpu-rc-accept-f20ed9d58cc1-1784549696-935149-slurmrestd-1 Creating 
 Container pilot107-cpu-rc-accept-f20ed9d58cc1-1784549696-935149-worker-1-1 Running 
 Container pilot107-cpu-rc-accept-f20ed9d58cc1-1784549696-935149-pilot107-command-gateway-1 Creating 
 Container pilot107-cpu-rc-accept-f20ed9d58cc1-1784549696-935149-pilot107-command-gateway-1 Created 
 Container pilot107-cpu-rc-accept-f20ed9d58cc1-1784549696-935149-slurmrestd-1 Created 
 Container pilot107-cpu-rc-accept-f20ed9d58cc1-1784549696-935149-pilot107-api-1 Creating 
 Container pilot107-cpu-rc-accept-f20ed9d58cc1-1784549696-935149-pilot107-worker-1 Creating 
 Container pilot107-cpu-rc-accept-f20ed9d58cc1-1784549696-935149-pilot107-worker-1 Created 
 Container pilot107-cpu-rc-accept-f20ed9d58cc1-1784549696-935149-pilot107-api-1 Created 
 Container pilot107-cpu-rc-accept-f20ed9d58cc1-1784549696-935149-pilot107-web-1 Creating 
 Container pilot107-cpu-rc-accept-f20ed9d58cc1-1784549696-935149-pilot107-web-1 Created 
 Container pilot107-cpu-rc-accept-f20ed9d58cc1-1784549696-935149-pilot107-reverse-proxy-1 Creating 
 Container pilot107-cpu-rc-accept-f20ed9d58cc1-1784549696-935149-pilot107-reverse-proxy-1 Created 
 Container pilot107-cpu-rc-accept-f20ed9d58cc1-1784549696-935149-mariadb-1 Waiting 
 Container pilot107-cpu-rc-accept-f20ed9d58cc1-1784549696-935149-mariadb-1 Healthy 
 Container pilot107-cpu-rc-accept-f20ed9d58cc1-1784549696-935149-pilot107-command-gateway-1 Starting 
 Container pilot107-cpu-rc-accept-f20ed9d58cc1-1784549696-935149-slurmrestd-1 Starting 
 Container pilot107-cpu-rc-accept-f20ed9d58cc1-1784549696-935149-pilot107-command-gateway-1 Started 
 Container pilot107-cpu-rc-accept-f20ed9d58cc1-1784549696-935149-slurmrestd-1 Started 
 Container pilot107-cpu-rc-accept-f20ed9d58cc1-1784549696-935149-pilot107-api-1 Starting 
 Container pilot107-cpu-rc-accept-f20ed9d58cc1-1784549696-935149-pilot107-worker-1 Starting 
 Container pilot107-cpu-rc-accept-f20ed9d58cc1-1784549696-935149-pilot107-api-1 Started 
 Container pilot107-cpu-rc-accept-f20ed9d58cc1-1784549696-935149-pilot107-web-1 Starting 
 Container pilot107-cpu-rc-accept-f20ed9d58cc1-1784549696-935149-pilot107-worker-1 Started 
 Container pilot107-cpu-rc-accept-f20ed9d58cc1-1784549696-935149-pilot107-web-1 Started 
 Container pilot107-cpu-rc-accept-f20ed9d58cc1-1784549696-935149-pilot107-reverse-proxy-1 Starting 
 Container pilot107-cpu-rc-accept-f20ed9d58cc1-1784549696-935149-pilot107-reverse-proxy-1 Started 
sinfo partitions visible on worker-1: CPU-RC*
CPU-only 8C/16G release candidate is running: https://127.0.0.1:8443/
restart-volume-recovery ok pre_restart=run_543e22149ba04097b565af11ff3ead30 post_restart=run_6d8afe5f4cac4e938abfe40a994934af
