 Container pilot107-cpu-rc-accept-c42f90438479-1784610721-1160417-pilot107-worker-1 Stopping 
 Container pilot107-cpu-rc-accept-c42f90438479-1784610721-1160417-pilot107-reverse-proxy-1 Stopping 
 Container pilot107-cpu-rc-accept-c42f90438479-1784610721-1160417-pilot107-worker-1 Stopped 
 Container pilot107-cpu-rc-accept-c42f90438479-1784610721-1160417-pilot107-worker-1 Removing 
 Container pilot107-cpu-rc-accept-c42f90438479-1784610721-1160417-pilot107-worker-1 Removed 
 Container pilot107-cpu-rc-accept-c42f90438479-1784610721-1160417-pilot107-reverse-proxy-1 Stopped 
 Container pilot107-cpu-rc-accept-c42f90438479-1784610721-1160417-pilot107-reverse-proxy-1 Removing 
 Container pilot107-cpu-rc-accept-c42f90438479-1784610721-1160417-pilot107-reverse-proxy-1 Removed 
 Container pilot107-cpu-rc-accept-c42f90438479-1784610721-1160417-pilot107-web-1 Stopping 
 Container pilot107-cpu-rc-accept-c42f90438479-1784610721-1160417-pilot107-web-1 Stopped 
 Container pilot107-cpu-rc-accept-c42f90438479-1784610721-1160417-pilot107-web-1 Removing 
 Container pilot107-cpu-rc-accept-c42f90438479-1784610721-1160417-pilot107-web-1 Removed 
 Container pilot107-cpu-rc-accept-c42f90438479-1784610721-1160417-pilot107-api-1 Stopping 
 Container pilot107-cpu-rc-accept-c42f90438479-1784610721-1160417-pilot107-api-1 Stopped 
 Container pilot107-cpu-rc-accept-c42f90438479-1784610721-1160417-pilot107-api-1 Removing 
 Container pilot107-cpu-rc-accept-c42f90438479-1784610721-1160417-pilot107-api-1 Removed 
 Container pilot107-cpu-rc-accept-c42f90438479-1784610721-1160417-pilot107-command-gateway-1 Stopping 
 Container pilot107-cpu-rc-accept-c42f90438479-1784610721-1160417-slurmrestd-1 Stopping 
 Container pilot107-cpu-rc-accept-c42f90438479-1784610721-1160417-pilot107-command-gateway-1 Stopped 
 Container pilot107-cpu-rc-accept-c42f90438479-1784610721-1160417-pilot107-command-gateway-1 Removing 
 Container pilot107-cpu-rc-accept-c42f90438479-1784610721-1160417-pilot107-command-gateway-1 Removed 
 Container pilot107-cpu-rc-accept-c42f90438479-1784610721-1160417-worker-1-1 Stopping 
 Container pilot107-cpu-rc-accept-c42f90438479-1784610721-1160417-slurmrestd-1 Stopped 
 Container pilot107-cpu-rc-accept-c42f90438479-1784610721-1160417-slurmrestd-1 Removing 
 Container pilot107-cpu-rc-accept-c42f90438479-1784610721-1160417-slurmrestd-1 Removed 
 Container pilot107-cpu-rc-accept-c42f90438479-1784610721-1160417-worker-1-1 Stopped 
 Container pilot107-cpu-rc-accept-c42f90438479-1784610721-1160417-worker-1-1 Removing 
 Container pilot107-cpu-rc-accept-c42f90438479-1784610721-1160417-worker-1-1 Removed 
 Container pilot107-cpu-rc-accept-c42f90438479-1784610721-1160417-slurmctld-1 Stopping 
 Container pilot107-cpu-rc-accept-c42f90438479-1784610721-1160417-slurmctld-1 Stopped 
 Container pilot107-cpu-rc-accept-c42f90438479-1784610721-1160417-slurmctld-1 Removing 
 Container pilot107-cpu-rc-accept-c42f90438479-1784610721-1160417-slurmctld-1 Removed 
 Container pilot107-cpu-rc-accept-c42f90438479-1784610721-1160417-slurmdbd-1 Stopping 
 Container pilot107-cpu-rc-accept-c42f90438479-1784610721-1160417-slurmdbd-1 Stopped 
 Container pilot107-cpu-rc-accept-c42f90438479-1784610721-1160417-slurmdbd-1 Removing 
 Container pilot107-cpu-rc-accept-c42f90438479-1784610721-1160417-slurmdbd-1 Removed 
 Container pilot107-cpu-rc-accept-c42f90438479-1784610721-1160417-mariadb-1 Stopping 
 Container pilot107-cpu-rc-accept-c42f90438479-1784610721-1160417-mariadb-1 Stopped 
 Container pilot107-cpu-rc-accept-c42f90438479-1784610721-1160417-mariadb-1 Removing 
 Container pilot107-cpu-rc-accept-c42f90438479-1784610721-1160417-mariadb-1 Removed 
 Network pilot107-cpu-rc-accept-c42f90438479-1784610721-1160417_sim Removing 
 Network pilot107-cpu-rc-accept-c42f90438479-1784610721-1160417_sim Removed 
Local proxy HMAC secret is ready at /home/knowingthesea/107pilot/artifacts/deployment/107pilot-cpu-rc-c42f90438479-20260721T051138Z/simulator/compose/secrets/proxy-hmac.local
 Network pilot107-cpu-rc-accept-c42f90438479-1784610721-1160417_sim Creating 
 Network pilot107-cpu-rc-accept-c42f90438479-1784610721-1160417_sim Created 
 Container pilot107-cpu-rc-accept-c42f90438479-1784610721-1160417-mariadb-1 Creating 
 Container pilot107-cpu-rc-accept-c42f90438479-1784610721-1160417-mariadb-1 Created 
 Container pilot107-cpu-rc-accept-c42f90438479-1784610721-1160417-slurmdbd-1 Creating 
 Container pilot107-cpu-rc-accept-c42f90438479-1784610721-1160417-slurmdbd-1 Created 
 Container pilot107-cpu-rc-accept-c42f90438479-1784610721-1160417-slurmctld-1 Creating 
 Container pilot107-cpu-rc-accept-c42f90438479-1784610721-1160417-slurmctld-1 Created 
 Container pilot107-cpu-rc-accept-c42f90438479-1784610721-1160417-worker-1-1 Creating 
 Container pilot107-cpu-rc-accept-c42f90438479-1784610721-1160417-worker-1-1 Created 
 Container pilot107-cpu-rc-accept-c42f90438479-1784610721-1160417-mariadb-1 Starting 
 Container pilot107-cpu-rc-accept-c42f90438479-1784610721-1160417-mariadb-1 Started 
 Container pilot107-cpu-rc-accept-c42f90438479-1784610721-1160417-mariadb-1 Waiting 
 Container pilot107-cpu-rc-accept-c42f90438479-1784610721-1160417-mariadb-1 Healthy 
 Container pilot107-cpu-rc-accept-c42f90438479-1784610721-1160417-slurmdbd-1 Starting 
 Container pilot107-cpu-rc-accept-c42f90438479-1784610721-1160417-slurmdbd-1 Started 
 Container pilot107-cpu-rc-accept-c42f90438479-1784610721-1160417-slurmctld-1 Starting 
 Container pilot107-cpu-rc-accept-c42f90438479-1784610721-1160417-slurmctld-1 Started 
 Container pilot107-cpu-rc-accept-c42f90438479-1784610721-1160417-worker-1-1 Starting 
 Container pilot107-cpu-rc-accept-c42f90438479-1784610721-1160417-worker-1-1 Started 
CPU RC Slurm profile initialized: alice|competition|qos_cpu_rc|qos_cpu_rc
 Container pilot107-cpu-rc-accept-c42f90438479-1784610721-1160417-mariadb-1 Running 
 Container pilot107-cpu-rc-accept-c42f90438479-1784610721-1160417-slurmdbd-1 Running 
 Container pilot107-cpu-rc-accept-c42f90438479-1784610721-1160417-slurmctld-1 Running 
 Container pilot107-cpu-rc-accept-c42f90438479-1784610721-1160417-slurmrestd-1 Creating 
 Container pilot107-cpu-rc-accept-c42f90438479-1784610721-1160417-worker-1-1 Running 
 Container pilot107-cpu-rc-accept-c42f90438479-1784610721-1160417-pilot107-command-gateway-1 Creating 
 Container pilot107-cpu-rc-accept-c42f90438479-1784610721-1160417-slurmrestd-1 Created 
 Container pilot107-cpu-rc-accept-c42f90438479-1784610721-1160417-pilot107-command-gateway-1 Created 
 Container pilot107-cpu-rc-accept-c42f90438479-1784610721-1160417-pilot107-api-1 Creating 
 Container pilot107-cpu-rc-accept-c42f90438479-1784610721-1160417-pilot107-worker-1 Creating 
 Container pilot107-cpu-rc-accept-c42f90438479-1784610721-1160417-pilot107-worker-1 Created 
 Container pilot107-cpu-rc-accept-c42f90438479-1784610721-1160417-pilot107-api-1 Created 
 Container pilot107-cpu-rc-accept-c42f90438479-1784610721-1160417-pilot107-web-1 Creating 
 Container pilot107-cpu-rc-accept-c42f90438479-1784610721-1160417-pilot107-web-1 Created 
 Container pilot107-cpu-rc-accept-c42f90438479-1784610721-1160417-pilot107-reverse-proxy-1 Creating 
 Container pilot107-cpu-rc-accept-c42f90438479-1784610721-1160417-pilot107-reverse-proxy-1 Created 
 Container pilot107-cpu-rc-accept-c42f90438479-1784610721-1160417-mariadb-1 Waiting 
 Container pilot107-cpu-rc-accept-c42f90438479-1784610721-1160417-mariadb-1 Healthy 
 Container pilot107-cpu-rc-accept-c42f90438479-1784610721-1160417-slurmrestd-1 Starting 
 Container pilot107-cpu-rc-accept-c42f90438479-1784610721-1160417-pilot107-command-gateway-1 Starting 
 Container pilot107-cpu-rc-accept-c42f90438479-1784610721-1160417-pilot107-command-gateway-1 Started 
 Container pilot107-cpu-rc-accept-c42f90438479-1784610721-1160417-slurmrestd-1 Started 
 Container pilot107-cpu-rc-accept-c42f90438479-1784610721-1160417-pilot107-api-1 Starting 
 Container pilot107-cpu-rc-accept-c42f90438479-1784610721-1160417-pilot107-worker-1 Starting 
 Container pilot107-cpu-rc-accept-c42f90438479-1784610721-1160417-pilot107-worker-1 Started 
 Container pilot107-cpu-rc-accept-c42f90438479-1784610721-1160417-pilot107-api-1 Started 
 Container pilot107-cpu-rc-accept-c42f90438479-1784610721-1160417-pilot107-web-1 Starting 
 Container pilot107-cpu-rc-accept-c42f90438479-1784610721-1160417-pilot107-web-1 Started 
 Container pilot107-cpu-rc-accept-c42f90438479-1784610721-1160417-pilot107-reverse-proxy-1 Starting 
 Container pilot107-cpu-rc-accept-c42f90438479-1784610721-1160417-pilot107-reverse-proxy-1 Started 
sinfo partitions visible on worker-1: CPU-RC*
CPU-only 8C/16G release candidate is running: https://127.0.0.1:8443/
restart-volume-recovery ok pre_restart=run_ceedaddea3ca44efb1fe65d29e077533 post_restart=run_f523aae99cad411aa51db68e4c60311a
