created /tmp/tmp.n4SZAyYd0Y/107pilot-cpu-rc-b7666ba3b063-20260720T133541Z/simulator/compose/.env.cpu-rc with generated local credentials
Local proxy HMAC secret is ready at /tmp/tmp.n4SZAyYd0Y/107pilot-cpu-rc-b7666ba3b063-20260720T133541Z/simulator/compose/secrets/proxy-hmac.local
 Network pilot107-cpu-rc-accept-b7666ba3b063-1784554709-965230_sim Creating 
 Network pilot107-cpu-rc-accept-b7666ba3b063-1784554709-965230_sim Created 
 Volume pilot107-cpu-rc-accept-b7666ba3b063-1784554709-965230_public Creating 
 Volume pilot107-cpu-rc-accept-b7666ba3b063-1784554709-965230_public Created 
 Volume pilot107-cpu-rc-accept-b7666ba3b063-1784554709-965230_slurm-log Creating 
 Volume pilot107-cpu-rc-accept-b7666ba3b063-1784554709-965230_slurm-log Created 
 Volume pilot107-cpu-rc-accept-b7666ba3b063-1784554709-965230_slurmctld-state Creating 
 Volume pilot107-cpu-rc-accept-b7666ba3b063-1784554709-965230_slurmctld-state Created 
 Volume pilot107-cpu-rc-accept-b7666ba3b063-1784554709-965230_mariadb-data Creating 
 Volume pilot107-cpu-rc-accept-b7666ba3b063-1784554709-965230_mariadb-data Created 
 Container pilot107-cpu-rc-accept-b7666ba3b063-1784554709-965230-mariadb-1 Creating 
 Container pilot107-cpu-rc-accept-b7666ba3b063-1784554709-965230-mariadb-1 Created 
 Container pilot107-cpu-rc-accept-b7666ba3b063-1784554709-965230-slurmdbd-1 Creating 
 Container pilot107-cpu-rc-accept-b7666ba3b063-1784554709-965230-slurmdbd-1 Created 
 Container pilot107-cpu-rc-accept-b7666ba3b063-1784554709-965230-slurmctld-1 Creating 
 Container pilot107-cpu-rc-accept-b7666ba3b063-1784554709-965230-slurmctld-1 Created 
 Container pilot107-cpu-rc-accept-b7666ba3b063-1784554709-965230-worker-1-1 Creating 
 Container pilot107-cpu-rc-accept-b7666ba3b063-1784554709-965230-worker-1-1 Created 
 Container pilot107-cpu-rc-accept-b7666ba3b063-1784554709-965230-mariadb-1 Starting 
 Container pilot107-cpu-rc-accept-b7666ba3b063-1784554709-965230-mariadb-1 Started 
 Container pilot107-cpu-rc-accept-b7666ba3b063-1784554709-965230-mariadb-1 Waiting 
 Container pilot107-cpu-rc-accept-b7666ba3b063-1784554709-965230-mariadb-1 Healthy 
 Container pilot107-cpu-rc-accept-b7666ba3b063-1784554709-965230-slurmdbd-1 Starting 
 Container pilot107-cpu-rc-accept-b7666ba3b063-1784554709-965230-slurmdbd-1 Started 
 Container pilot107-cpu-rc-accept-b7666ba3b063-1784554709-965230-slurmctld-1 Starting 
 Container pilot107-cpu-rc-accept-b7666ba3b063-1784554709-965230-slurmctld-1 Started 
 Container pilot107-cpu-rc-accept-b7666ba3b063-1784554709-965230-worker-1-1 Starting 
 Container pilot107-cpu-rc-accept-b7666ba3b063-1784554709-965230-worker-1-1 Started 
CPU RC Slurm profile initialized: alice|competition|qos_cpu_rc|qos_cpu_rc
 Volume pilot107-cpu-rc-accept-b7666ba3b063-1784554709-965230_pilot107-data Creating 
 Volume pilot107-cpu-rc-accept-b7666ba3b063-1784554709-965230_pilot107-data Created 
 Container pilot107-cpu-rc-accept-b7666ba3b063-1784554709-965230-mariadb-1 Running 
 Container pilot107-cpu-rc-accept-b7666ba3b063-1784554709-965230-slurmdbd-1 Running 
 Container pilot107-cpu-rc-accept-b7666ba3b063-1784554709-965230-slurmctld-1 Running 
 Container pilot107-cpu-rc-accept-b7666ba3b063-1784554709-965230-worker-1-1 Running 
 Container pilot107-cpu-rc-accept-b7666ba3b063-1784554709-965230-slurmrestd-1 Creating 
 Container pilot107-cpu-rc-accept-b7666ba3b063-1784554709-965230-pilot107-command-gateway-1 Creating 
 Container pilot107-cpu-rc-accept-b7666ba3b063-1784554709-965230-slurmrestd-1 Created 
 Container pilot107-cpu-rc-accept-b7666ba3b063-1784554709-965230-pilot107-command-gateway-1 Created 
 Container pilot107-cpu-rc-accept-b7666ba3b063-1784554709-965230-pilot107-worker-1 Creating 
 Container pilot107-cpu-rc-accept-b7666ba3b063-1784554709-965230-pilot107-api-1 Creating 
 Container pilot107-cpu-rc-accept-b7666ba3b063-1784554709-965230-pilot107-api-1 Created 
 Container pilot107-cpu-rc-accept-b7666ba3b063-1784554709-965230-pilot107-web-1 Creating 
 Container pilot107-cpu-rc-accept-b7666ba3b063-1784554709-965230-pilot107-worker-1 Created 
 Container pilot107-cpu-rc-accept-b7666ba3b063-1784554709-965230-pilot107-web-1 Created 
 Container pilot107-cpu-rc-accept-b7666ba3b063-1784554709-965230-pilot107-reverse-proxy-1 Creating 
 Container pilot107-cpu-rc-accept-b7666ba3b063-1784554709-965230-pilot107-reverse-proxy-1 Created 
 Container pilot107-cpu-rc-accept-b7666ba3b063-1784554709-965230-mariadb-1 Waiting 
 Container pilot107-cpu-rc-accept-b7666ba3b063-1784554709-965230-mariadb-1 Healthy 
 Container pilot107-cpu-rc-accept-b7666ba3b063-1784554709-965230-pilot107-command-gateway-1 Starting 
 Container pilot107-cpu-rc-accept-b7666ba3b063-1784554709-965230-slurmrestd-1 Starting 
 Container pilot107-cpu-rc-accept-b7666ba3b063-1784554709-965230-pilot107-command-gateway-1 Started 
 Container pilot107-cpu-rc-accept-b7666ba3b063-1784554709-965230-slurmrestd-1 Started 
 Container pilot107-cpu-rc-accept-b7666ba3b063-1784554709-965230-pilot107-api-1 Starting 
 Container pilot107-cpu-rc-accept-b7666ba3b063-1784554709-965230-pilot107-worker-1 Starting 
 Container pilot107-cpu-rc-accept-b7666ba3b063-1784554709-965230-pilot107-api-1 Started 
 Container pilot107-cpu-rc-accept-b7666ba3b063-1784554709-965230-pilot107-web-1 Starting 
 Container pilot107-cpu-rc-accept-b7666ba3b063-1784554709-965230-pilot107-worker-1 Started 
 Container pilot107-cpu-rc-accept-b7666ba3b063-1784554709-965230-pilot107-web-1 Started 
 Container pilot107-cpu-rc-accept-b7666ba3b063-1784554709-965230-pilot107-reverse-proxy-1 Starting 
 Container pilot107-cpu-rc-accept-b7666ba3b063-1784554709-965230-pilot107-reverse-proxy-1 Started 
sinfo partitions visible on worker-1: CPU-RC*
CPU-only 8C/16G release candidate is running: https://127.0.0.1:8443/
