 Container pilot107-cpu-rc-accept-a53412b74851-1784540695-897893-pilot107-worker-1 Stopping 
 Container pilot107-cpu-rc-accept-a53412b74851-1784540695-897893-pilot107-reverse-proxy-1 Stopping 
 Container pilot107-cpu-rc-accept-a53412b74851-1784540695-897893-pilot107-worker-1 Stopped 
 Container pilot107-cpu-rc-accept-a53412b74851-1784540695-897893-pilot107-worker-1 Removing 
 Container pilot107-cpu-rc-accept-a53412b74851-1784540695-897893-pilot107-worker-1 Removed 
 Container pilot107-cpu-rc-accept-a53412b74851-1784540695-897893-pilot107-reverse-proxy-1 Stopped 
 Container pilot107-cpu-rc-accept-a53412b74851-1784540695-897893-pilot107-reverse-proxy-1 Removing 
 Container pilot107-cpu-rc-accept-a53412b74851-1784540695-897893-pilot107-reverse-proxy-1 Removed 
 Container pilot107-cpu-rc-accept-a53412b74851-1784540695-897893-pilot107-web-1 Stopping 
 Container pilot107-cpu-rc-accept-a53412b74851-1784540695-897893-pilot107-web-1 Stopped 
 Container pilot107-cpu-rc-accept-a53412b74851-1784540695-897893-pilot107-web-1 Removing 
 Container pilot107-cpu-rc-accept-a53412b74851-1784540695-897893-pilot107-web-1 Removed 
 Container pilot107-cpu-rc-accept-a53412b74851-1784540695-897893-pilot107-api-1 Stopping 
 Container pilot107-cpu-rc-accept-a53412b74851-1784540695-897893-pilot107-api-1 Stopped 
 Container pilot107-cpu-rc-accept-a53412b74851-1784540695-897893-pilot107-api-1 Removing 
 Container pilot107-cpu-rc-accept-a53412b74851-1784540695-897893-pilot107-api-1 Removed 
 Container pilot107-cpu-rc-accept-a53412b74851-1784540695-897893-slurmrestd-1 Stopping 
 Container pilot107-cpu-rc-accept-a53412b74851-1784540695-897893-pilot107-command-gateway-1 Stopping 
 Container pilot107-cpu-rc-accept-a53412b74851-1784540695-897893-slurmrestd-1 Stopped 
 Container pilot107-cpu-rc-accept-a53412b74851-1784540695-897893-slurmrestd-1 Removing 
 Container pilot107-cpu-rc-accept-a53412b74851-1784540695-897893-pilot107-command-gateway-1 Stopped 
 Container pilot107-cpu-rc-accept-a53412b74851-1784540695-897893-pilot107-command-gateway-1 Removing 
 Container pilot107-cpu-rc-accept-a53412b74851-1784540695-897893-slurmrestd-1 Removed 
 Container pilot107-cpu-rc-accept-a53412b74851-1784540695-897893-pilot107-command-gateway-1 Removed 
 Container pilot107-cpu-rc-accept-a53412b74851-1784540695-897893-worker-1-1 Stopping 
 Container pilot107-cpu-rc-accept-a53412b74851-1784540695-897893-worker-1-1 Stopped 
 Container pilot107-cpu-rc-accept-a53412b74851-1784540695-897893-worker-1-1 Removing 
 Container pilot107-cpu-rc-accept-a53412b74851-1784540695-897893-worker-1-1 Removed 
 Container pilot107-cpu-rc-accept-a53412b74851-1784540695-897893-slurmctld-1 Stopping 
 Container pilot107-cpu-rc-accept-a53412b74851-1784540695-897893-slurmctld-1 Stopped 
 Container pilot107-cpu-rc-accept-a53412b74851-1784540695-897893-slurmctld-1 Removing 
 Container pilot107-cpu-rc-accept-a53412b74851-1784540695-897893-slurmctld-1 Removed 
 Container pilot107-cpu-rc-accept-a53412b74851-1784540695-897893-slurmdbd-1 Stopping 
 Container pilot107-cpu-rc-accept-a53412b74851-1784540695-897893-slurmdbd-1 Stopped 
 Container pilot107-cpu-rc-accept-a53412b74851-1784540695-897893-slurmdbd-1 Removing 
 Container pilot107-cpu-rc-accept-a53412b74851-1784540695-897893-slurmdbd-1 Removed 
 Container pilot107-cpu-rc-accept-a53412b74851-1784540695-897893-mariadb-1 Stopping 
 Container pilot107-cpu-rc-accept-a53412b74851-1784540695-897893-mariadb-1 Stopped 
 Container pilot107-cpu-rc-accept-a53412b74851-1784540695-897893-mariadb-1 Removing 
 Container pilot107-cpu-rc-accept-a53412b74851-1784540695-897893-mariadb-1 Removed 
 Network pilot107-cpu-rc-accept-a53412b74851-1784540695-897893_sim Removing 
 Network pilot107-cpu-rc-accept-a53412b74851-1784540695-897893_sim Removed 
Local proxy HMAC secret is ready at /tmp/tmp.hodoWBM14U/107pilot-cpu-rc-a53412b74851-20260720T094331Z/simulator/compose/secrets/proxy-hmac.local
 Network pilot107-cpu-rc-accept-a53412b74851-1784540695-897893_sim Creating 
 Network pilot107-cpu-rc-accept-a53412b74851-1784540695-897893_sim Created 
 Container pilot107-cpu-rc-accept-a53412b74851-1784540695-897893-mariadb-1 Creating 
 Container pilot107-cpu-rc-accept-a53412b74851-1784540695-897893-mariadb-1 Created 
 Container pilot107-cpu-rc-accept-a53412b74851-1784540695-897893-slurmdbd-1 Creating 
 Container pilot107-cpu-rc-accept-a53412b74851-1784540695-897893-slurmdbd-1 Created 
 Container pilot107-cpu-rc-accept-a53412b74851-1784540695-897893-slurmctld-1 Creating 
 Container pilot107-cpu-rc-accept-a53412b74851-1784540695-897893-slurmctld-1 Created 
 Container pilot107-cpu-rc-accept-a53412b74851-1784540695-897893-worker-1-1 Creating 
 Container pilot107-cpu-rc-accept-a53412b74851-1784540695-897893-worker-1-1 Created 
 Container pilot107-cpu-rc-accept-a53412b74851-1784540695-897893-mariadb-1 Starting 
 Container pilot107-cpu-rc-accept-a53412b74851-1784540695-897893-mariadb-1 Started 
 Container pilot107-cpu-rc-accept-a53412b74851-1784540695-897893-mariadb-1 Waiting 
 Container pilot107-cpu-rc-accept-a53412b74851-1784540695-897893-mariadb-1 Healthy 
 Container pilot107-cpu-rc-accept-a53412b74851-1784540695-897893-slurmdbd-1 Starting 
 Container pilot107-cpu-rc-accept-a53412b74851-1784540695-897893-slurmdbd-1 Started 
 Container pilot107-cpu-rc-accept-a53412b74851-1784540695-897893-slurmctld-1 Starting 
 Container pilot107-cpu-rc-accept-a53412b74851-1784540695-897893-slurmctld-1 Started 
 Container pilot107-cpu-rc-accept-a53412b74851-1784540695-897893-worker-1-1 Starting 
 Container pilot107-cpu-rc-accept-a53412b74851-1784540695-897893-worker-1-1 Started 
CPU RC Slurm profile initialized: alice|competition|qos_cpu_rc|qos_cpu_rc
 Container pilot107-cpu-rc-accept-a53412b74851-1784540695-897893-mariadb-1 Running 
 Container pilot107-cpu-rc-accept-a53412b74851-1784540695-897893-slurmdbd-1 Running 
 Container pilot107-cpu-rc-accept-a53412b74851-1784540695-897893-slurmctld-1 Running 
 Container pilot107-cpu-rc-accept-a53412b74851-1784540695-897893-worker-1-1 Running 
 Container pilot107-cpu-rc-accept-a53412b74851-1784540695-897893-pilot107-command-gateway-1 Creating 
 Container pilot107-cpu-rc-accept-a53412b74851-1784540695-897893-slurmrestd-1 Creating 
 Container pilot107-cpu-rc-accept-a53412b74851-1784540695-897893-slurmrestd-1 Created 
 Container pilot107-cpu-rc-accept-a53412b74851-1784540695-897893-pilot107-command-gateway-1 Created 
 Container pilot107-cpu-rc-accept-a53412b74851-1784540695-897893-pilot107-api-1 Creating 
 Container pilot107-cpu-rc-accept-a53412b74851-1784540695-897893-pilot107-worker-1 Creating 
 Container pilot107-cpu-rc-accept-a53412b74851-1784540695-897893-pilot107-worker-1 Created 
 Container pilot107-cpu-rc-accept-a53412b74851-1784540695-897893-pilot107-api-1 Created 
 Container pilot107-cpu-rc-accept-a53412b74851-1784540695-897893-pilot107-web-1 Creating 
 Container pilot107-cpu-rc-accept-a53412b74851-1784540695-897893-pilot107-web-1 Created 
 Container pilot107-cpu-rc-accept-a53412b74851-1784540695-897893-pilot107-reverse-proxy-1 Creating 
 Container pilot107-cpu-rc-accept-a53412b74851-1784540695-897893-pilot107-reverse-proxy-1 Created 
 Container pilot107-cpu-rc-accept-a53412b74851-1784540695-897893-mariadb-1 Waiting 
 Container pilot107-cpu-rc-accept-a53412b74851-1784540695-897893-mariadb-1 Healthy 
 Container pilot107-cpu-rc-accept-a53412b74851-1784540695-897893-pilot107-command-gateway-1 Starting 
 Container pilot107-cpu-rc-accept-a53412b74851-1784540695-897893-slurmrestd-1 Starting 
 Container pilot107-cpu-rc-accept-a53412b74851-1784540695-897893-pilot107-command-gateway-1 Started 
 Container pilot107-cpu-rc-accept-a53412b74851-1784540695-897893-slurmrestd-1 Started 
 Container pilot107-cpu-rc-accept-a53412b74851-1784540695-897893-pilot107-worker-1 Starting 
 Container pilot107-cpu-rc-accept-a53412b74851-1784540695-897893-pilot107-api-1 Starting 
 Container pilot107-cpu-rc-accept-a53412b74851-1784540695-897893-pilot107-api-1 Started 
 Container pilot107-cpu-rc-accept-a53412b74851-1784540695-897893-pilot107-web-1 Starting 
 Container pilot107-cpu-rc-accept-a53412b74851-1784540695-897893-pilot107-worker-1 Started 
 Container pilot107-cpu-rc-accept-a53412b74851-1784540695-897893-pilot107-web-1 Started 
 Container pilot107-cpu-rc-accept-a53412b74851-1784540695-897893-pilot107-reverse-proxy-1 Starting 
 Container pilot107-cpu-rc-accept-a53412b74851-1784540695-897893-pilot107-reverse-proxy-1 Started 
sinfo partitions visible on worker-1: CPU-RC*
CPU-only 8C/16G release candidate is running: https://127.0.0.1:8443/
restart-volume-recovery ok pre_restart=run_ed2fbc3457594288b321902ebf60d521 post_restart=run_bb05443b46b24c5f8f91eebb0255bce8
