npm error code 1
npm error path /home/knowingthesea/107pilot/node_modules/esbuild
npm error command failed
npm error command sh -c node install.js
npm error node:internal/child_process:1120
npm error     result.error = new ErrnoException(result.error, 'spawnSync ' + options.file);
npm error                    ^
npm error
npm error <ref *1> Error: spawnSync /home/knowingthesea/107pilot/node_modules/esbuild/bin/esbuild EPERM
npm error     at Object.spawnSync (node:internal/child_process:1120:20)
npm error     at spawnSync (node:child_process:901:24)
npm error     at Object.execFileSync (node:child_process:944:15)
npm error     at validateBinaryVersion (/home/knowingthesea/107pilot/node_modules/esbuild/install.js:102:28)
npm error     at /home/knowingthesea/107pilot/node_modules/esbuild/install.js:287:5 {
npm error   errno: -1,
npm error   code: 'EPERM',
npm error   syscall: 'spawnSync /home/knowingthesea/107pilot/node_modules/esbuild/bin/esbuild',
npm error   path: '/home/knowingthesea/107pilot/node_modules/esbuild/bin/esbuild',
npm error   spawnargs: [ '--version' ],
npm error   error: [Circular *1],
npm error   status: 0,
npm error   signal: null,
npm error   output: [
npm error     null,
npm error     Buffer(8) [Uint8Array] [
npm error       48, 46, 50, 53,
npm error       46, 49, 50, 10
npm error     ],
npm error     Buffer(0) [Uint8Array] []
npm error   ],
npm error   pid: 47,
npm error   stdout: Buffer(8) [Uint8Array] [
npm error     48, 46, 50, 53,
npm error     46, 49, 50, 10
npm error   ],
npm error   stderr: Buffer(0) [Uint8Array] []
npm error }
npm error
npm error Node.js v22.19.0
npm error A complete log of this run can be found in: /home/knowingthesea/.npm/_logs/2026-08-28T17_05_00_948Z-debug-0.log
