
> pilot107-ui@0.1.0 test:ui
> npm run build && playwright test


> pilot107-ui@0.1.0 build
> vite build --config apps/web/vite.config.mts

vite v6.4.3 building for production...
transforming...
✓ 1917 modules transformed.
rendering chunks...
computing gzip size...
../../src/pilot107/web/static/index.html                  0.59 kB │ gzip:   0.40 kB
../../src/pilot107/web/static/assets/styles.css          49.33 kB │ gzip:   9.31 kB
../../src/pilot107/web/static/assets/chunk-DWLtnDav.js  260.51 kB │ gzip:  80.84 kB
../../src/pilot107/web/static/assets/app.js             290.16 kB │ gzip:  84.95 kB
../../src/pilot107/web/static/assets/chunk-Buan64fT.js  438.53 kB │ gzip: 144.34 kB
✓ built in 2.98s

Running 14 tests using 1 worker

  ✓   1 [chromium] › tests/ui/visual.spec.js:12:1 › workspace renders live run and platform read models (737ms)
  ✓   2 [chromium] › tests/ui/visual.spec.js:23:1 › run filters are URL-controlled and narrow the server query (279ms)
  ✓   3 [chromium] › tests/ui/visual.spec.js:34:1 › run deep link survives direct navigation and wraps long workdir (395ms)
  ✓   4 [chromium] › tests/ui/visual.spec.js:46:1 › successful run exposes shareable logs, results, and verified capsule (536ms)
  ✓   5 [chromium] › tests/ui/visual.spec.js:65:1 › run detail makes an omitted workdir explicit (291ms)
  ✓   6 [chromium] › tests/ui/visual.spec.js:72:1 › switching user updates URL and invalidates scoped queries (289ms)
  ✓   7 [chromium] › tests/ui/visual.spec.js:82:1 › an untrusted URL user is normalized before it reaches API or shell output (209ms)
[WebServer] ----------------------------------------
[WebServer] Exception occurred during processing of request from ('127.0.0.1', 53134)
[WebServer] Traceback (most recent call last):
[WebServer]   File "/usr/lib/python3.12/urllib/request.py", line 1344, in do_open
[WebServer]     h.request(req.get_method(), req.selector, req.data, headers,
[WebServer]   File "/usr/lib/python3.12/http/client.py", line 1365, in request
[WebServer]     self._send_request(method, url, body, headers, encode_chunked)
[WebServer]   File "/usr/lib/python3.12/http/client.py", line 1411, in _send_request
[WebServer]     self.endheaders(body, encode_chunked=encode_chunked)
[WebServer]   File "/usr/lib/python3.12/http/client.py", line 1360, in endheaders
[WebServer]     self._send_output(message_body, encode_chunked=encode_chunked)
[WebServer]   File "/usr/lib/python3.12/http/client.py", line 1120, in _send_output
[WebServer]     self.send(msg)
[WebServer]   File "/usr/lib/python3.12/http/client.py", line 1064, in send
[WebServer]     self.connect()
[WebServer]   File "/usr/lib/python3.12/http/client.py", line 1030, in connect
[WebServer]     self.sock = self._create_connection(
[WebServer]                 ^^^^^^^^^^^^^^^^^^^^^^^^
[WebServer]   File "/usr/lib/python3.12/socket.py", line 852, in create_connection
[WebServer]     raise exceptions[0]
[WebServer]   File "/usr/lib/python3.12/socket.py", line 837, in create_connection
[WebServer]     sock.connect(sa)
[WebServer] ConnectionRefusedError: [Errno 111] Connection refused
[WebServer] 
[WebServer] During handling of the above exception, another exception occurred:
[WebServer] 
[WebServer] Traceback (most recent call last):
[WebServer]   File "/home/knowingthesea/107pilot/src/pilot107/web/server.py", line 249, in _proxy
[WebServer]     with urllib.request.urlopen(request, timeout=30) as response:
[WebServer]          ^^^^^^^^^^^^^^^^^^^^^^^^^^^^^^^^^^^^^^^^^^^
[WebServer]   File "/usr/lib/python3.12/urllib/request.py", line 215, in urlopen
[WebServer]     return opener.open(url, data, timeout)
[WebServer]            ^^^^^^^^^^^^^^^^^^^^^^^^^^^^^^^
[WebServer]   File "/usr/lib/python3.12/urllib/request.py", line 515, in open
[WebServer]     response = self._open(req, data)
[WebServer]                ^^^^^^^^^^^^^^^^^^^^^
[WebServer]   File "/usr/lib/python3.12/urllib/request.py", line 532, in _open
[WebServer]     result = self._call_chain(self.handle_open, protocol, protocol +
[WebServer]              ^^^^^^^^^^^^^^^^^^^^^^^^^^^^^^^^^^^^^^^^^^^^^^^^^^^^^^^
[WebServer]   File "/usr/lib/python3.12/urllib/request.py", line 492, in _call_chain
[WebServer]     result = func(*args)
[WebServer]              ^^^^^^^^^^^
[WebServer]   File "/usr/lib/python3.12/urllib/request.py", line 1373, in http_open
[WebServer]     return self.do_open(http.client.HTTPConnection, req)
[WebServer]            ^^^^^^^^^^^^^^^^^^^^^^^^^^^^^^^^^^^^^^^^^^^^^
[WebServer]   File "/usr/lib/python3.12/urllib/request.py", line 1347, in do_open
[WebServer]     raise URLError(err)
[WebServer] urllib.error.URLError: <urlopen error [Errno 111] Connection refused>
[WebServer] 
[WebServer] During handling of the above exception, another exception occurred:
[WebServer] 
[WebServer] Traceback (most recent call last):
[WebServer]   File "/usr/lib/python3.12/socketserver.py", line 692, in process_request_thread
[WebServer]     self.finish_request(request, client_address)
[WebServer]   File "/usr/lib/python3.12/socketserver.py", line 362, in finish_request
[WebServer]     self.RequestHandlerClass(request, client_address, self)
[WebServer]   File "/usr/lib/python3.12/socketserver.py", line 761, in __init__
[WebServer]     self.handle()
[WebServer]   File "/usr/lib/python3.12/http/server.py", line 436, in handle
[WebServer]     self.handle_one_request()
[WebServer]   File "/usr/lib/python3.12/http/server.py", line 424, in handle_one_request
[WebServer]     method()
[WebServer]   File "/home/knowingthesea/107pilot/src/pilot107/web/server.py", line 128, in do_GET
[WebServer]     self._proxy()
[WebServer]   File "/home/knowingthesea/107pilot/src/pilot107/web/server.py", line 279, in _proxy
[WebServer]     self._send_bytes(502, payload, "application/json; charset=utf-8")
[WebServer]   File "/home/knowingthesea/107pilot/src/pilot107/web/server.py", line 312, in _send_bytes
[WebServer]     self.wfile.write(body)
[WebServer]   File "/usr/lib/python3.12/socketserver.py", line 840, in write
[WebServer]     self._sock.sendall(b)
[WebServer] BrokenPipeError: [Errno 32] Broken pipe
[WebServer] ----------------------------------------
  ✓   8 [chromium] › tests/ui/visual.spec.js:90:1 › stale and degraded dynamic facts remain explicit (207ms)
  ✓   9 [chromium] › tests/ui/visual.spec.js:98:1 › forbidden capability scope renders an authorization state (224ms)
  ✓  10 [chromium] › tests/ui/visual.spec.js:106:1 › mobile layout exposes primary destinations without horizontal overflow (265ms)
  ✓  11 [chromium] › tests/ui/visual.spec.js:117:1 › studio requires server validation before creating a canonical contract (564ms)
  ✓  12 [chromium] › tests/ui/visual.spec.js:130:1 › dirty source is not silently overwritten by a basic form update (450ms)
  ✓  13 [chromium] › tests/ui/visual.spec.js:140:1 › market release adoption opens the server-created canonical contract (329ms)
  ✓  14 [chromium] › tests/ui/visual.spec.js:150:1 › persisted contract requires object-level confirmation before submit (540ms)

  14 passed (6.7s)
