created /home/knowingthesea/107pilot/artifacts/deployment/107pilot-cpu-rc-d3ceb4cd43b7-20260721T091358Z/simulator/compose/.env.cpu-rc with generated local credentials
Local proxy HMAC secret is ready at /home/knowingthesea/107pilot/artifacts/deployment/107pilot-cpu-rc-d3ceb4cd43b7-20260721T091358Z/simulator/compose/secrets/proxy-hmac.local
 Network pilot107-cpu-rc-accept-d3ceb4cd43b7-1784625881-1243375_sim Creating 
 Network pilot107-cpu-rc-accept-d3ceb4cd43b7-1784625881-1243375_sim Created 
 Volume pilot107-cpu-rc-accept-d3ceb4cd43b7-1784625881-1243375_slurm-log Creating 
 Volume pilot107-cpu-rc-accept-d3ceb4cd43b7-1784625881-1243375_slurm-log Created 
 Volume pilot107-cpu-rc-accept-d3ceb4cd43b7-1784625881-1243375_slurmctld-state Creating 
 Volume pilot107-cpu-rc-accept-d3ceb4cd43b7-1784625881-1243375_slurmctld-state Created 
 Volume pilot107-cpu-rc-accept-d3ceb4cd43b7-1784625881-1243375_mariadb-data Creating 
 Volume pilot107-cpu-rc-accept-d3ceb4cd43b7-1784625881-1243375_mariadb-data Created 
 Volume pilot107-cpu-rc-accept-d3ceb4cd43b7-1784625881-1243375_public Creating 
 Volume pilot107-cpu-rc-accept-d3ceb4cd43b7-1784625881-1243375_public Created 
 Container pilot107-cpu-rc-accept-d3ceb4cd43b7-1784625881-1243375-mariadb-1 Creating 
 Container pilot107-cpu-rc-accept-d3ceb4cd43b7-1784625881-1243375-mariadb-1 Created 
 Container pilot107-cpu-rc-accept-d3ceb4cd43b7-1784625881-1243375-slurmdbd-1 Creating 
 Container pilot107-cpu-rc-accept-d3ceb4cd43b7-1784625881-1243375-slurmdbd-1 Created 
 Container pilot107-cpu-rc-accept-d3ceb4cd43b7-1784625881-1243375-slurmctld-1 Creating 
 Container pilot107-cpu-rc-accept-d3ceb4cd43b7-1784625881-1243375-slurmctld-1 Created 
 Container pilot107-cpu-rc-accept-d3ceb4cd43b7-1784625881-1243375-worker-1-1 Creating 
 Container pilot107-cpu-rc-accept-d3ceb4cd43b7-1784625881-1243375-worker-1-1 Created 
 Container pilot107-cpu-rc-accept-d3ceb4cd43b7-1784625881-1243375-mariadb-1 Starting 
 Container pilot107-cpu-rc-accept-d3ceb4cd43b7-1784625881-1243375-mariadb-1 Started 
 Container pilot107-cpu-rc-accept-d3ceb4cd43b7-1784625881-1243375-mariadb-1 Waiting 
 Container pilot107-cpu-rc-accept-d3ceb4cd43b7-1784625881-1243375-mariadb-1 Healthy 
 Container pilot107-cpu-rc-accept-d3ceb4cd43b7-1784625881-1243375-slurmdbd-1 Starting 
 Container pilot107-cpu-rc-accept-d3ceb4cd43b7-1784625881-1243375-slurmdbd-1 Started 
 Container pilot107-cpu-rc-accept-d3ceb4cd43b7-1784625881-1243375-slurmctld-1 Starting 
 Container pilot107-cpu-rc-accept-d3ceb4cd43b7-1784625881-1243375-slurmctld-1 Started 
 Container pilot107-cpu-rc-accept-d3ceb4cd43b7-1784625881-1243375-worker-1-1 Starting 
 Container pilot107-cpu-rc-accept-d3ceb4cd43b7-1784625881-1243375-worker-1-1 Started 
CPU RC Slurm profile initialized: alice|competition|qos_cpu_rc|qos_cpu_rc
 Volume pilot107-cpu-rc-accept-d3ceb4cd43b7-1784625881-1243375_pilot107-data Creating 
 Volume pilot107-cpu-rc-accept-d3ceb4cd43b7-1784625881-1243375_pilot107-data Created 
 Container pilot107-cpu-rc-accept-d3ceb4cd43b7-1784625881-1243375-mariadb-1 Running 
 Container pilot107-cpu-rc-accept-d3ceb4cd43b7-1784625881-1243375-slurmdbd-1 Running 
 Container pilot107-cpu-rc-accept-d3ceb4cd43b7-1784625881-1243375-slurmctld-1 Running 
 Container pilot107-cpu-rc-accept-d3ceb4cd43b7-1784625881-1243375-worker-1-1 Running 
 Container pilot107-cpu-rc-accept-d3ceb4cd43b7-1784625881-1243375-pilot107-command-gateway-1 Creating 
 Container pilot107-cpu-rc-accept-d3ceb4cd43b7-1784625881-1243375-slurmrestd-1 Creating 
 Container pilot107-cpu-rc-accept-d3ceb4cd43b7-1784625881-1243375-pilot107-command-gateway-1 Created 
 Container pilot107-cpu-rc-accept-d3ceb4cd43b7-1784625881-1243375-slurmrestd-1 Created 
 Container pilot107-cpu-rc-accept-d3ceb4cd43b7-1784625881-1243375-pilot107-api-1 Creating 
 Container pilot107-cpu-rc-accept-d3ceb4cd43b7-1784625881-1243375-pilot107-worker-1 Creating 
 Container pilot107-cpu-rc-accept-d3ceb4cd43b7-1784625881-1243375-pilot107-api-1 Created 
 Container pilot107-cpu-rc-accept-d3ceb4cd43b7-1784625881-1243375-pilot107-web-1 Creating 
 Container pilot107-cpu-rc-accept-d3ceb4cd43b7-1784625881-1243375-pilot107-worker-1 Created 
 Container pilot107-cpu-rc-accept-d3ceb4cd43b7-1784625881-1243375-pilot107-web-1 Created 
 Container pilot107-cpu-rc-accept-d3ceb4cd43b7-1784625881-1243375-pilot107-reverse-proxy-1 Creating 
 Container pilot107-cpu-rc-accept-d3ceb4cd43b7-1784625881-1243375-pilot107-reverse-proxy-1 Created 
 Container pilot107-cpu-rc-accept-d3ceb4cd43b7-1784625881-1243375-mariadb-1 Waiting 
 Container pilot107-cpu-rc-accept-d3ceb4cd43b7-1784625881-1243375-mariadb-1 Healthy 
 Container pilot107-cpu-rc-accept-d3ceb4cd43b7-1784625881-1243375-pilot107-command-gateway-1 Starting 
 Container pilot107-cpu-rc-accept-d3ceb4cd43b7-1784625881-1243375-slurmrestd-1 Starting 
 Container pilot107-cpu-rc-accept-d3ceb4cd43b7-1784625881-1243375-pilot107-command-gateway-1 Started 
 Container pilot107-cpu-rc-accept-d3ceb4cd43b7-1784625881-1243375-slurmrestd-1 Started 
 Container pilot107-cpu-rc-accept-d3ceb4cd43b7-1784625881-1243375-pilot107-worker-1 Starting 
 Container pilot107-cpu-rc-accept-d3ceb4cd43b7-1784625881-1243375-pilot107-api-1 Starting 
 Container pilot107-cpu-rc-accept-d3ceb4cd43b7-1784625881-1243375-pilot107-worker-1 Started 
 Container pilot107-cpu-rc-accept-d3ceb4cd43b7-1784625881-1243375-pilot107-api-1 Started 
 Container pilot107-cpu-rc-accept-d3ceb4cd43b7-1784625881-1243375-pilot107-web-1 Starting 
 Container pilot107-cpu-rc-accept-d3ceb4cd43b7-1784625881-1243375-pilot107-web-1 Started 
 Container pilot107-cpu-rc-accept-d3ceb4cd43b7-1784625881-1243375-pilot107-reverse-proxy-1 Starting 
 Container pilot107-cpu-rc-accept-d3ceb4cd43b7-1784625881-1243375-pilot107-reverse-proxy-1 Started 
sinfo partitions visible on worker-1: CPU-RC*
CPU-only 8C/16G release candidate is running: https://127.0.0.1:8443/
